<html>
<body>
<pre>
<h1>µVision Build Log</h1>
<h2>Project:</h2>
C:\Users\darth\OneDrive\Desktop\Coding\Keil Microvision ES Lab\Lab01\Project1.uvproj
Project File Date:  01/12/2025

<h2>Output:</h2>
Build target 'Target 1'
linking...
Program Size: Code=24 RO-data=8 RW-data=4 ZI-data=0  
".\Project1.axf" - 0 Error(s), 0 Warning(s).
t address 0xa
linking...
.\Project1.axf: Error: L6200E: Symbol __Vectors multiply defined (by program1.o and addition.o).
.\Project1.axf: Error: L6200E: Symbol Reset_Handler multiply defined (by program1.o and addition.o).
Not enough information to list image symbols.
Not enough information to list the image map.
Finished: 2 information, 0 warning and 2 error messages.
".\Project1.axf" - 2 Error(s), 1 Warning(s).
Target not created
Error: Could not load file 'C:\Users\darth\OneDrive\Desktop\Coding\Keil Microvision ES Lab\Lab01\Project1.axf'. Debugger aborted !
